INFO:     Will watch for changes in these directories: ['C:\\Users\\vatsa\\OneDrive\\Documents\\dl-project']
INFO:     Uvicorn running on http://0.0.0.0:8005 (Press CTRL+C to quit)
INFO:     Started reloader process [8596] using WatchFiles
INFO:     Started server process [15780]
INFO:     Waiting for application startup.
INFO:backend.backend.main:Starting Road Accident Detection System...
INFO:backend.backend.main:ONNX model loaded successfully from ./backend/backend/model.onnx
INFO:backend.backend.main:Model input: input_layer_3:0, output: Identity:0
INFO:backend.backend.main:Connected to MongoDB successfully
WARNING:backend.backend.main:Video file not found at ./sample_video.mp4. Using simulated frames.
INFO:backend.backend.main:Startup complete
INFO:backend.backend.main:Starting video frame processing task...
INFO:     Application startup complete.
INFO:backend.backend.main:Accident detection saved to DB with ID: 6a7b8a336754a49bad29eb26
INFO:backend.backend.main:Accident alert broadcasted to 0 clients
INFO:backend.backend.main:Accident detection saved to DB with ID: 6a7b8a386754a49bad29eb27
INFO:backend.backend.main:Accident alert broadcasted to 0 clients
INFO:backend.backend.main:Accident detection saved to DB with ID: 6a7b8a3d6754a49bad29eb28
INFO:backend.backend.main:Accident alert broadcasted to 0 clients
INFO:     127.0.0.1:51655 - "GET /metrics HTTP/1.1" 200 OK
INFO:backend.backend.main:Accident detection saved to DB with ID: 6a7b8a426754a49bad29eb29
INFO:backend.backend.main:Accident alert broadcasted to 0 clients
INFO:backend.backend.main:Accident detection saved to DB with ID: 6a7b8a476754a49bad29eb2a
INFO:backend.backend.main:Accident alert broadcasted to 0 clients
INFO:backend.backend.main:Accident detection saved to DB with ID: 6a7b8a4c6754a49bad29eb2b
INFO:backend.backend.main:Accident alert broadcasted to 0 clients
INFO:backend.backend.main:Accident detection saved to DB with ID: 6a7b8a516754a49bad29eb2c
INFO:backend.backend.main:Accident alert broadcasted to 0 clients
INFO:backend.backend.main:Accident detection saved to DB with ID: 6a7b8a566754a49bad29eb2d
INFO:backend.backend.main:Accident alert broadcasted to 0 clients
INFO:backend.backend.main:Accident detection saved to DB with ID: 6a7b8a5b6754a49bad29eb2e
INFO:backend.backend.main:Accident alert broadcasted to 0 clients
INFO:backend.backend.main:Accident detection saved to DB with ID: 6a7b8a606754a49bad29eb2f
INFO:backend.backend.main:Accident alert broadcasted to 0 clients
INFO:backend.backend.main:Accident detection saved to DB with ID: 6a7b8a656754a49bad29eb30
INFO:backend.backend.main:Accident alert broadcasted to 0 clients
INFO:backend.backend.main:Accident detection saved to DB with ID: 6a7b8a6a6754a49bad29eb31
INFO:backend.backend.main:Accident alert broadcasted to 0 clients
INFO:backend.backend.main:Accident detection saved to DB with ID: 6a7b8a6f6754a49bad29eb32
INFO:backend.backend.main:Accident alert broadcasted to 0 clients
INFO:backend.backend.main:Accident detection saved to DB with ID: 6a7b8a756754a49bad29eb33
INFO:backend.backend.main:Accident alert broadcasted to 0 clients
INFO:backend.backend.main:Accident detection saved to DB with ID: 6a7b8a7a6754a49bad29eb34
INFO:backend.backend.main:Accident alert broadcasted to 0 clients
INFO:backend.backend.main:Accident detection saved to DB with ID: 6a7b8a7f6754a49bad29eb35
INFO:backend.backend.main:Accident alert broadcasted to 0 clients
INFO:backend.backend.main:Accident detection saved to DB with ID: 6a7b8a846754a49bad29eb36
INFO:backend.backend.main:Accident alert broadcasted to 0 clients
INFO:backend.backend.main:Accident detection saved to DB with ID: 6a7b8a896754a49bad29eb37
INFO:backend.backend.main:Accident alert broadcasted to 0 clients
INFO:backend.backend.main:Accident detection saved to DB with ID: 6a7b8a8e6754a49bad29eb38
INFO:backend.backend.main:Accident alert broadcasted to 0 clients
INFO:backend.backend.main:Accident detection saved to DB with ID: 6a7b8a936754a49bad29eb39
INFO:backend.backend.main:Accident alert broadcasted to 0 clients
INFO:backend.backend.main:Accident detection saved to DB with ID: 6a7b8a986754a49bad29eb3a
INFO:backend.backend.main:Accident alert broadcasted to 0 clients
INFO:backend.backend.main:Accident detection saved to DB with ID: 6a7b8a9d6754a49bad29eb3b
INFO:backend.backend.main:Accident alert broadcasted to 0 clients
INFO:backend.backend.main:Accident detection saved to DB with ID: 6a7b8aa26754a49bad29eb3c
INFO:backend.backend.main:Accident alert broadcasted to 0 clients
INFO:backend.backend.main:Accident detection saved to DB with ID: 6a7b8aa76754a49bad29eb3d
INFO:backend.backend.main:Accident alert broadcasted to 0 clients
INFO:backend.backend.main:Accident detection saved to DB with ID: 6a7b8aac6754a49bad29eb3e
INFO:backend.backend.main:Accident alert broadcasted to 0 clients
INFO:backend.backend.main:Accident detection saved to DB with ID: 6a7b8ab16754a49bad29eb3f
INFO:backend.backend.main:Accident alert broadcasted to 0 clients
INFO:backend.backend.main:Accident detection saved to DB with ID: 6a7b8ab66754a49bad29eb40
INFO:backend.backend.main:Accident alert broadcasted to 0 clients
INFO:backend.backend.main:Accident detection saved to DB with ID: 6a7b8abb6754a49bad29eb41
INFO:backend.backend.main:Accident alert broadcasted to 0 clients
INFO:backend.backend.main:Accident detection saved to DB with ID: 6a7b8ac06754a49bad29eb42
INFO:backend.backend.main:Accident alert broadcasted to 0 clients
INFO:backend.backend.main:Accident detection saved to DB with ID: 6a7b8ac56754a49bad29eb43
INFO:backend.backend.main:Accident alert broadcasted to 0 clients
INFO:backend.backend.main:Accident detection saved to DB with ID: 6a7b8aca6754a49bad29eb44
INFO:backend.backend.main:Accident alert broadcasted to 0 clients
INFO:backend.backend.main:Accident detection saved to DB with ID: 6a7b8acf6754a49bad29eb45
INFO:backend.backend.main:Accident alert broadcasted to 0 clients
INFO:backend.backend.main:Accident detection saved to DB with ID: 6a7b8ad46754a49bad29eb46
INFO:backend.backend.main:Accident alert broadcasted to 0 clients
INFO:backend.backend.main:Accident detection saved to DB with ID: 6a7b8ad96754a49bad29eb47
INFO:backend.backend.main:Accident alert broadcasted to 0 clients
INFO:backend.backend.main:Accident detection saved to DB with ID: 6a7b8ade6754a49bad29eb48
INFO:backend.backend.main:Accident alert broadcasted to 0 clients
INFO:backend.backend.main:Accident detection saved to DB with ID: 6a7b8ae36754a49bad29eb49
INFO:backend.backend.main:Accident alert broadcasted to 0 clients
INFO:backend.backend.main:Accident detection saved to DB with ID: 6a7b8ae86754a49bad29eb4a
INFO:backend.backend.main:Accident alert broadcasted to 0 clients
INFO:backend.backend.main:Accident detection saved to DB with ID: 6a7b8aed6754a49bad29eb4b
INFO:backend.backend.main:Accident alert broadcasted to 0 clients
INFO:backend.backend.main:Accident detection saved to DB with ID: 6a7b8af36754a49bad29eb4c
INFO:backend.backend.main:Accident alert broadcasted to 0 clients
INFO:backend.backend.main:Accident detection saved to DB with ID: 6a7b8af86754a49bad29eb4d
INFO:backend.backend.main:Accident alert broadcasted to 0 clients
INFO:backend.backend.main:Accident detection saved to DB with ID: 6a7b8afd6754a49bad29eb4e
INFO:backend.backend.main:Accident alert broadcasted to 0 clients
INFO:backend.backend.main:Accident detection saved to DB with ID: 6a7b8b026754a49bad29eb4f
INFO:backend.backend.main:Accident alert broadcasted to 0 clients
INFO:backend.backend.main:Accident detection saved to DB with ID: 6a7b8b076754a49bad29eb50
INFO:backend.backend.main:Accident alert broadcasted to 0 clients
INFO:backend.backend.main:Accident detection saved to DB with ID: 6a7b8b0c6754a49bad29eb51
INFO:backend.backend.main:Accident alert broadcasted to 0 clients
INFO:backend.backend.main:Accident detection saved to DB with ID: 6a7b8b116754a49bad29eb52
INFO:backend.backend.main:Accident alert broadcasted to 0 clients
INFO:backend.backend.main:Accident detection saved to DB with ID: 6a7b8b166754a49bad29eb53
INFO:backend.backend.main:Accident alert broadcasted to 0 clients
INFO:backend.backend.main:Accident detection saved to DB with ID: 6a7b8b1b6754a49bad29eb54
INFO:backend.backend.main:Accident alert broadcasted to 0 clients
INFO:backend.backend.main:Accident detection saved to DB with ID: 6a7b8b206754a49bad29eb55
INFO:backend.backend.main:Accident alert broadcasted to 0 clients
INFO:backend.backend.main:Accident detection saved to DB with ID: 6a7b8b256754a49bad29eb56
INFO:backend.backend.main:Accident alert broadcasted to 0 clients
INFO:backend.backend.main:Accident detection saved to DB with ID: 6a7b8b2a6754a49bad29eb57
INFO:backend.backend.main:Accident alert broadcasted to 0 clients
INFO:backend.backend.main:Accident detection saved to DB with ID: 6a7b8b2f6754a49bad29eb58
INFO:backend.backend.main:Accident alert broadcasted to 0 clients
INFO:backend.backend.main:Accident detection saved to DB with ID: 6a7b8b346754a49bad29eb59
INFO:backend.backend.main:Accident alert broadcasted to 0 clients
INFO:backend.backend.main:Accident detection saved to DB with ID: 6a7b8b396754a49bad29eb5a
INFO:backend.backend.main:Accident alert broadcasted to 0 clients
INFO:backend.backend.main:Accident detection saved to DB with ID: 6a7b8b3e6754a49bad29eb5b
INFO:backend.backend.main:Accident alert broadcasted to 0 clients
INFO:backend.backend.main:Accident detection saved to DB with ID: 6a7b8b436754a49bad29eb5c
INFO:backend.backend.main:Accident alert broadcasted to 0 clients
INFO:backend.backend.main:Accident detection saved to DB with ID: 6a7b8b486754a49bad29eb5d
INFO:backend.backend.main:Accident alert broadcasted to 0 clients
INFO:backend.backend.main:Accident detection saved to DB with ID: 6a7b8b4d6754a49bad29eb5e
INFO:backend.backend.main:Accident alert broadcasted to 0 clients
INFO:backend.backend.main:Accident detection saved to DB with ID: 6a7b8b526754a49bad29eb5f
INFO:backend.backend.main:Accident alert broadcasted to 0 clients
INFO:backend.backend.main:Accident detection saved to DB with ID: 6a7b8b576754a49bad29eb60
INFO:backend.backend.main:Accident alert broadcasted to 0 clients
INFO:backend.backend.main:Accident detection saved to DB with ID: 6a7b8b5c6754a49bad29eb61
INFO:backend.backend.main:Accident alert broadcasted to 0 clients
INFO:backend.backend.main:Accident detection saved to DB with ID: 6a7b8b616754a49bad29eb62
INFO:backend.backend.main:Accident alert broadcasted to 0 clients
INFO:backend.backend.main:Accident detection saved to DB with ID: 6a7b8b666754a49bad29eb63
INFO:backend.backend.main:Accident alert broadcasted to 0 clients
INFO:backend.backend.main:Accident detection saved to DB with ID: 6a7b8b6b6754a49bad29eb64
INFO:backend.backend.main:Accident alert broadcasted to 0 clients
INFO:backend.backend.main:Accident detection saved to DB with ID: 6a7b8b706754a49bad29eb65
INFO:backend.backend.main:Accident alert broadcasted to 0 clients
INFO:backend.backend.main:Accident detection saved to DB with ID: 6a7b8b756754a49bad29eb66
INFO:backend.backend.main:Accident alert broadcasted to 0 clients
INFO:backend.backend.main:Accident detection saved to DB with ID: 6a7b8b7a6754a49bad29eb67
INFO:backend.backend.main:Accident alert broadcasted to 0 clients
INFO:backend.backend.main:Accident detection saved to DB with ID: 6a7b8b7f6754a49bad29eb68
INFO:backend.backend.main:Accident alert broadcasted to 0 clients
INFO:backend.backend.main:Accident detection saved to DB with ID: 6a7b8b846754a49bad29eb69
INFO:backend.backend.main:Accident alert broadcasted to 0 clients
INFO:backend.backend.main:Accident detection saved to DB with ID: 6a7b8b8a6754a49bad29eb6a
INFO:backend.backend.main:Accident alert broadcasted to 0 clients
INFO:backend.backend.main:Accident detection saved to DB with ID: 6a7b8b8f6754a49bad29eb6b
INFO:backend.backend.main:Accident alert broadcasted to 0 clients
INFO:backend.backend.main:Accident detection saved to DB with ID: 6a7b8b946754a49bad29eb6c
INFO:backend.backend.main:Accident alert broadcasted to 0 clients
INFO:backend.backend.main:Accident detection saved to DB with ID: 6a7b8b996754a49bad29eb6d
INFO:backend.backend.main:Accident alert broadcasted to 0 clients
INFO:backend.backend.main:Accident detection saved to DB with ID: 6a7b8b9e6754a49bad29eb6e
INFO:backend.backend.main:Accident alert broadcasted to 0 clients
INFO:backend.backend.main:Accident detection saved to DB with ID: 6a7b8ba36754a49bad29eb6f
INFO:backend.backend.main:Accident alert broadcasted to 0 clients
INFO:backend.backend.main:Accident detection saved to DB with ID: 6a7b8ba86754a49bad29eb70
INFO:backend.backend.main:Accident alert broadcasted to 0 clients
INFO:backend.backend.main:Accident detection saved to DB with ID: 6a7b8bad6754a49bad29eb71
INFO:backend.backend.main:Accident alert broadcasted to 0 clients
INFO:backend.backend.main:Accident detection saved to DB with ID: 6a7b8bb26754a49bad29eb72
INFO:backend.backend.main:Accident alert broadcasted to 0 clients
INFO:backend.backend.main:Accident detection saved to DB with ID: 6a7b8bb76754a49bad29eb73
INFO:backend.backend.main:Accident alert broadcasted to 0 clients
INFO:backend.backend.main:Accident detection saved to DB with ID: 6a7b8bbc6754a49bad29eb74
INFO:backend.backend.main:Accident alert broadcasted to 0 clients
INFO:backend.backend.main:Accident detection saved to DB with ID: 6a7b8bc16754a49bad29eb75
INFO:backend.backend.main:Accident alert broadcasted to 0 clients
INFO:backend.backend.main:Accident detection saved to DB with ID: 6a7b8bc66754a49bad29eb76
INFO:backend.backend.main:Accident alert broadcasted to 0 clients
INFO:backend.backend.main:Accident detection saved to DB with ID: 6a7b8bcb6754a49bad29eb77
INFO:backend.backend.main:Accident alert broadcasted to 0 clients
INFO:backend.backend.main:Accident detection saved to DB with ID: 6a7b8bd06754a49bad29eb78
INFO:backend.backend.main:Accident alert broadcasted to 0 clients
INFO:backend.backend.main:Accident detection saved to DB with ID: 6a7b8bd56754a49bad29eb79
INFO:backend.backend.main:Accident alert broadcasted to 0 clients
INFO:backend.backend.main:Accident detection saved to DB with ID: 6a7b8bda6754a49bad29eb7a
INFO:backend.backend.main:Accident alert broadcasted to 0 clients
INFO:backend.backend.main:Accident detection saved to DB with ID: 6a7b8bdf6754a49bad29eb7b
INFO:backend.backend.main:Accident alert broadcasted to 0 clients
INFO:backend.backend.main:Accident detection saved to DB with ID: 6a7b8be46754a49bad29eb7c
INFO:backend.backend.main:Accident alert broadcasted to 0 clients
INFO:backend.backend.main:Accident detection saved to DB with ID: 6a7b8bea6754a49bad29eb7d
INFO:backend.backend.main:Accident alert broadcasted to 0 clients
INFO:backend.backend.main:Accident detection saved to DB with ID: 6a7b8bef6754a49bad29eb7e
INFO:backend.backend.main:Accident alert broadcasted to 0 clients
INFO:backend.backend.main:Accident detection saved to DB with ID: 6a7b8bf36754a49bad29eb7f
INFO:backend.backend.main:Accident alert broadcasted to 0 clients
INFO:backend.backend.main:Accident detection saved to DB with ID: 6a7b8bf86754a49bad29eb80
INFO:backend.backend.main:Accident alert broadcasted to 0 clients
INFO:backend.backend.main:Accident detection saved to DB with ID: 6a7b8bfd6754a49bad29eb81
INFO:backend.backend.main:Accident alert broadcasted to 0 clients
INFO:backend.backend.main:Accident detection saved to DB with ID: 6a7b8c026754a49bad29eb82
INFO:backend.backend.main:Accident alert broadcasted to 0 clients
INFO:backend.backend.main:Accident detection saved to DB with ID: 6a7b8c086754a49bad29eb83
INFO:backend.backend.main:Accident alert broadcasted to 0 clients
INFO:backend.backend.main:Accident detection saved to DB with ID: 6a7b8c0d6754a49bad29eb84
INFO:backend.backend.main:Accident alert broadcasted to 0 clients
INFO:backend.backend.main:Accident detection saved to DB with ID: 6a7b8c126754a49bad29eb85
INFO:backend.backend.main:Accident alert broadcasted to 0 clients
INFO:backend.backend.main:Accident detection saved to DB with ID: 6a7b8c176754a49bad29eb86
INFO:backend.backend.main:Accident alert broadcasted to 0 clients
INFO:backend.backend.main:Accident detection saved to DB with ID: 6a7b8c1c6754a49bad29eb87
INFO:backend.backend.main:Accident alert broadcasted to 0 clients
INFO:backend.backend.main:Accident detection saved to DB with ID: 6a7b8c216754a49bad29eb88
INFO:backend.backend.main:Accident alert broadcasted to 0 clients
INFO:backend.backend.main:Accident detection saved to DB with ID: 6a7b8c266754a49bad29eb89
INFO:backend.backend.main:Accident alert broadcasted to 0 clients
INFO:backend.backend.main:Accident detection saved to DB with ID: 6a7b8c2b6754a49bad29eb8a
INFO:backend.backend.main:Accident alert broadcasted to 0 clients
INFO:backend.backend.main:Accident detection saved to DB with ID: 6a7b8c306754a49bad29eb8b
INFO:backend.backend.main:Accident alert broadcasted to 0 clients
INFO:backend.backend.main:Accident detection saved to DB with ID: 6a7b8c356754a49bad29eb8c
INFO:backend.backend.main:Accident alert broadcasted to 0 clients
INFO:backend.backend.main:Accident detection saved to DB with ID: 6a7b8c3a6754a49bad29eb8d
INFO:backend.backend.main:Accident alert broadcasted to 0 clients
INFO:backend.backend.main:Accident detection saved to DB with ID: 6a7b8c406754a49bad29eb8e
INFO:backend.backend.main:Accident alert broadcasted to 0 clients
INFO:backend.backend.main:Accident detection saved to DB with ID: 6a7b8c446754a49bad29eb8f
INFO:backend.backend.main:Accident alert broadcasted to 0 clients
INFO:backend.backend.main:Accident detection saved to DB with ID: 6a7b8c4a6754a49bad29eb90
INFO:backend.backend.main:Accident alert broadcasted to 0 clients
INFO:backend.backend.main:Accident detection saved to DB with ID: 6a7b8c4f6754a49bad29eb91
INFO:backend.backend.main:Accident alert broadcasted to 0 clients
INFO:backend.backend.main:Accident detection saved to DB with ID: 6a7b8c546754a49bad29eb92
INFO:backend.backend.main:Accident alert broadcasted to 0 clients
INFO:backend.backend.main:Accident detection saved to DB with ID: 6a7b8c596754a49bad29eb93
INFO:backend.backend.main:Accident alert broadcasted to 0 clients
INFO:backend.backend.main:Accident detection saved to DB with ID: 6a7b8c5e6754a49bad29eb94
INFO:backend.backend.main:Accident alert broadcasted to 0 clients
INFO:backend.backend.main:Accident detection saved to DB with ID: 6a7b8c626754a49bad29eb95
INFO:backend.backend.main:Accident alert broadcasted to 0 clients
INFO:backend.backend.main:Accident detection saved to DB with ID: 6a7b8c686754a49bad29eb96
INFO:backend.backend.main:Accident alert broadcasted to 0 clients
INFO:backend.backend.main:Accident detection saved to DB with ID: 6a7b8c6d6754a49bad29eb97
INFO:backend.backend.main:Accident alert broadcasted to 0 clients
INFO:backend.backend.main:Accident detection saved to DB with ID: 6a7b8c716754a49bad29eb98
INFO:backend.backend.main:Accident alert broadcasted to 0 clients
INFO:backend.backend.main:Accident detection saved to DB with ID: 6a7b8c776754a49bad29eb99
INFO:backend.backend.main:Accident alert broadcasted to 0 clients
INFO:backend.backend.main:Accident detection saved to DB with ID: 6a7b8c7c6754a49bad29eb9a
INFO:backend.backend.main:Accident alert broadcasted to 0 clients
INFO:backend.backend.main:Accident detection saved to DB with ID: 6a7b8c816754a49bad29eb9b
INFO:backend.backend.main:Accident alert broadcasted to 0 clients
INFO:backend.backend.main:Accident detection saved to DB with ID: 6a7b8c866754a49bad29eb9c
INFO:backend.backend.main:Accident alert broadcasted to 0 clients
INFO:backend.backend.main:Accident detection saved to DB with ID: 6a7b8c8b6754a49bad29eb9d
INFO:backend.backend.main:Accident alert broadcasted to 0 clients
INFO:backend.backend.main:Accident detection saved to DB with ID: 6a7b8c906754a49bad29eb9e
INFO:backend.backend.main:Accident alert broadcasted to 0 clients
INFO:backend.backend.main:Accident detection saved to DB with ID: 6a7b8c956754a49bad29eb9f
INFO:backend.backend.main:Accident alert broadcasted to 0 clients
INFO:backend.backend.main:Accident detection saved to DB with ID: 6a7b8c9b6754a49bad29eba0
INFO:backend.backend.main:Accident alert broadcasted to 0 clients
INFO:backend.backend.main:Accident detection saved to DB with ID: 6a7b8c9f6754a49bad29eba1
INFO:backend.backend.main:Accident alert broadcasted to 0 clients
INFO:backend.backend.main:Accident detection saved to DB with ID: 6a7b8ca46754a49bad29eba2
INFO:backend.backend.main:Accident alert broadcasted to 0 clients
INFO:backend.backend.main:Accident detection saved to DB with ID: 6a7b8ca96754a49bad29eba3
INFO:backend.backend.main:Accident alert broadcasted to 0 clients
INFO:backend.backend.main:Accident detection saved to DB with ID: 6a7b8cae6754a49bad29eba4
INFO:backend.backend.main:Accident alert broadcasted to 0 clients
INFO:backend.backend.main:Accident detection saved to DB with ID: 6a7b8cb36754a49bad29eba5
INFO:backend.backend.main:Accident alert broadcasted to 0 clients
INFO:backend.backend.main:Accident detection saved to DB with ID: 6a7b8cb86754a49bad29eba6
INFO:backend.backend.main:Accident alert broadcasted to 0 clients
INFO:backend.backend.main:Accident detection saved to DB with ID: 6a7b8cbd6754a49bad29eba7
INFO:backend.backend.main:Accident alert broadcasted to 0 clients
INFO:backend.backend.main:Accident detection saved to DB with ID: 6a7b8cc26754a49bad29eba8
INFO:backend.backend.main:Accident alert broadcasted to 0 clients
INFO:backend.backend.main:Accident detection saved to DB with ID: 6a7b8cc76754a49bad29eba9
INFO:backend.backend.main:Accident alert broadcasted to 0 clients
INFO:backend.backend.main:Accident detection saved to DB with ID: 6a7b8ccd6754a49bad29ebaa
INFO:backend.backend.main:Accident alert broadcasted to 0 clients
INFO:backend.backend.main:Accident detection saved to DB with ID: 6a7b8cd16754a49bad29ebab
INFO:backend.backend.main:Accident alert broadcasted to 0 clients
INFO:backend.backend.main:Accident detection saved to DB with ID: 6a7b8cd66754a49bad29ebac
INFO:backend.backend.main:Accident alert broadcasted to 0 clients
INFO:backend.backend.main:Accident detection saved to DB with ID: 6a7b8cdb6754a49bad29ebad
INFO:backend.backend.main:Accident alert broadcasted to 0 clients
INFO:backend.backend.main:Accident detection saved to DB with ID: 6a7b8ce16754a49bad29ebae
INFO:backend.backend.main:Accident alert broadcasted to 0 clients
INFO:backend.backend.main:Accident detection saved to DB with ID: 6a7b8ce66754a49bad29ebaf
INFO:backend.backend.main:Accident alert broadcasted to 0 clients
INFO:backend.backend.main:Accident detection saved to DB with ID: 6a7b8ceb6754a49bad29ebb0
INFO:backend.backend.main:Accident alert broadcasted to 0 clients
INFO:backend.backend.main:Accident detection saved to DB with ID: 6a7b8cf06754a49bad29ebb1
INFO:backend.backend.main:Accident alert broadcasted to 0 clients
INFO:backend.backend.main:Accident detection saved to DB with ID: 6a7b8cf56754a49bad29ebb2
INFO:backend.backend.main:Accident alert broadcasted to 0 clients
INFO:backend.backend.main:Accident detection saved to DB with ID: 6a7b8cfa6754a49bad29ebb3
INFO:backend.backend.main:Accident alert broadcasted to 0 clients
INFO:backend.backend.main:Accident detection saved to DB with ID: 6a7b8cff6754a49bad29ebb4
INFO:backend.backend.main:Accident alert broadcasted to 0 clients
INFO:backend.backend.main:Accident detection saved to DB with ID: 6a7b8d046754a49bad29ebb5
INFO:backend.backend.main:Accident alert broadcasted to 0 clients
INFO:backend.backend.main:Accident detection saved to DB with ID: 6a7b8d096754a49bad29ebb6
INFO:backend.backend.main:Accident alert broadcasted to 0 clients
INFO:backend.backend.main:Accident detection saved to DB with ID: 6a7b8d0e6754a49bad29ebb7
INFO:backend.backend.main:Accident alert broadcasted to 0 clients
INFO:backend.backend.main:Accident detection saved to DB with ID: 6a7b8d136754a49bad29ebb8
INFO:backend.backend.main:Accident alert broadcasted to 0 clients
INFO:backend.backend.main:Accident detection saved to DB with ID: 6a7b8d196754a49bad29ebb9
INFO:backend.backend.main:Accident alert broadcasted to 0 clients
INFO:backend.backend.main:Accident detection saved to DB with ID: 6a7b8d1e6754a49bad29ebba
INFO:backend.backend.main:Accident alert broadcasted to 0 clients
INFO:backend.backend.main:Accident detection saved to DB with ID: 6a7b8d226754a49bad29ebbb
INFO:backend.backend.main:Accident alert broadcasted to 0 clients
INFO:backend.backend.main:Accident detection saved to DB with ID: 6a7b8d276754a49bad29ebbc
INFO:backend.backend.main:Accident alert broadcasted to 0 clients
INFO:backend.backend.main:Accident detection saved to DB with ID: 6a7b8d2d6754a49bad29ebbd
INFO:backend.backend.main:Accident alert broadcasted to 0 clients
INFO:backend.backend.main:Accident detection saved to DB with ID: 6a7b8d326754a49bad29ebbe
INFO:backend.backend.main:Accident alert broadcasted to 0 clients
INFO:backend.backend.main:Accident detection saved to DB with ID: 6a7b8d376754a49bad29ebbf
INFO:backend.backend.main:Accident alert broadcasted to 0 clients
INFO:backend.backend.main:Accident detection saved to DB with ID: 6a7b8d3c6754a49bad29ebc0
INFO:backend.backend.main:Accident alert broadcasted to 0 clients
INFO:backend.backend.main:Accident detection saved to DB with ID: 6a7b8d416754a49bad29ebc1
INFO:backend.backend.main:Accident alert broadcasted to 0 clients
INFO:backend.backend.main:Accident detection saved to DB with ID: 6a7b8d466754a49bad29ebc2
INFO:backend.backend.main:Accident alert broadcasted to 0 clients
INFO:backend.backend.main:Accident detection saved to DB with ID: 6a7b8d4b6754a49bad29ebc3
INFO:backend.backend.main:Accident alert broadcasted to 0 clients
INFO:backend.backend.main:Accident detection saved to DB with ID: 6a7b8d506754a49bad29ebc4
INFO:backend.backend.main:Accident alert broadcasted to 0 clients
INFO:backend.backend.main:Accident detection saved to DB with ID: 6a7b8d566754a49bad29ebc5
INFO:backend.backend.main:Accident alert broadcasted to 0 clients
INFO:backend.backend.main:Accident detection saved to DB with ID: 6a7b8d5a6754a49bad29ebc6
INFO:backend.backend.main:Accident alert broadcasted to 0 clients
INFO:backend.backend.main:Accident detection saved to DB with ID: 6a7b8d5f6754a49bad29ebc7
INFO:backend.backend.main:Accident alert broadcasted to 0 clients
INFO:backend.backend.main:Accident detection saved to DB with ID: 6a7b8d646754a49bad29ebc8
INFO:backend.backend.main:Accident alert broadcasted to 0 clients
INFO:backend.backend.main:Accident detection saved to DB with ID: 6a7b8d696754a49bad29ebc9
INFO:backend.backend.main:Accident alert broadcasted to 0 clients
INFO:backend.backend.main:Accident detection saved to DB with ID: 6a7b8d6e6754a49bad29ebca
INFO:backend.backend.main:Accident alert broadcasted to 0 clients
INFO:backend.backend.main:Accident detection saved to DB with ID: 6a7b8d746754a49bad29ebcb
INFO:backend.backend.main:Accident alert broadcasted to 0 clients
INFO:backend.backend.main:Accident detection saved to DB with ID: 6a7b8d786754a49bad29ebcc
INFO:backend.backend.main:Accident alert broadcasted to 0 clients
INFO:backend.backend.main:Accident detection saved to DB with ID: 6a7b8d7d6754a49bad29ebcd
INFO:backend.backend.main:Accident alert broadcasted to 0 clients
INFO:backend.backend.main:Accident detection saved to DB with ID: 6a7b8d826754a49bad29ebce
INFO:backend.backend.main:Accident alert broadcasted to 0 clients
INFO:backend.backend.main:Accident detection saved to DB with ID: 6a7b8d876754a49bad29ebcf
INFO:backend.backend.main:Accident alert broadcasted to 0 clients
INFO:backend.backend.main:Accident detection saved to DB with ID: 6a7b8d8d6754a49bad29ebd0
INFO:backend.backend.main:Accident alert broadcasted to 0 clients
INFO:backend.backend.main:Accident detection saved to DB with ID: 6a7b8d926754a49bad29ebd1
INFO:backend.backend.main:Accident alert broadcasted to 0 clients
INFO:backend.backend.main:Accident detection saved to DB with ID: 6a7b8d976754a49bad29ebd2
INFO:backend.backend.main:Accident alert broadcasted to 0 clients
INFO:backend.backend.main:Accident detection saved to DB with ID: 6a7b8d9c6754a49bad29ebd3
INFO:backend.backend.main:Accident alert broadcasted to 0 clients
