INFO:     Will watch for changes in these directories: ['C:\\Users\\vatsa\\OneDrive\\Documents\\dl-project\\backend']
INFO:     Uvicorn running on http://127.0.0.1:8000 (Press CTRL+C to quit)
INFO:     Started reloader process [16980] using StatReload
INFO:     Started server process [5712]
INFO:     Waiting for application startup.
INFO:backend.main:Starting Road Accident Detection System...
INFO:backend.main:ONNX model loaded successfully from ./backend/model.onnx
INFO:backend.main:Model input: input_layer_3:0, output: Identity:0
INFO:backend.main:Connected to MongoDB successfully
WARNING:backend.main:Video file not found at ./sample_video.mp4. Using simulated frames.
INFO:backend.main:Startup complete
INFO:backend.main:Starting video frame processing task...
INFO:     Application startup complete.
INFO:backend.main:Accident detection saved to DB with ID: 6a796e7363e93b1b44aad9de
INFO:backend.main:Accident alert broadcasted to 0 clients
INFO:backend.main:Accident detection saved to DB with ID: 6a796e7863e93b1b44aad9df
INFO:backend.main:Accident alert broadcasted to 0 clients
INFO:backend.main:Accident detection saved to DB with ID: 6a796e7d63e93b1b44aad9e0
INFO:backend.main:Accident alert broadcasted to 0 clients
INFO:backend.main:Accident detection saved to DB with ID: 6a796e8263e93b1b44aad9e1
INFO:backend.main:Accident alert broadcasted to 0 clients
INFO:     127.0.0.1:52619 - "GET /health HTTP/1.1" 200 OK
INFO:backend.main:Accident detection saved to DB with ID: 6a796e8763e93b1b44aad9e2
INFO:backend.main:Accident alert broadcasted to 0 clients
INFO:     127.0.0.1:52622 - "GET /health HTTP/1.1" 200 OK
INFO:backend.main:Accident detection saved to DB with ID: 6a796e8c63e93b1b44aad9e3
INFO:backend.main:Accident alert broadcasted to 0 clients
INFO:backend.main:Accident detection saved to DB with ID: 6a796e9163e93b1b44aad9e4
INFO:backend.main:Accident alert broadcasted to 0 clients
INFO:backend.main:Accident detection saved to DB with ID: 6a796e9663e93b1b44aad9e5
INFO:backend.main:Accident alert broadcasted to 0 clients
INFO:     127.0.0.1:51374 - "GET /model-info HTTP/1.1" 200 OK
INFO:backend.main:Accident detection saved to DB with ID: 6a796e9b63e93b1b44aad9e6
INFO:backend.main:Accident alert broadcasted to 0 clients
INFO:backend.main:Accident detection saved to DB with ID: 6a796ea063e93b1b44aad9e7
INFO:backend.main:Accident alert broadcasted to 0 clients
INFO:     127.0.0.1:51377 - "GET /metrics HTTP/1.1" 404 Not Found
INFO:backend.main:Accident detection saved to DB with ID: 6a796ea563e93b1b44aad9e8
INFO:backend.main:Accident alert broadcasted to 0 clients
INFO:backend.main:Accident detection saved to DB with ID: 6a796eaa63e93b1b44aad9e9
INFO:backend.main:Accident alert broadcasted to 0 clients
INFO:backend.main:Accident detection saved to DB with ID: 6a796eaf63e93b1b44aad9ea
INFO:backend.main:Accident alert broadcasted to 0 clients
INFO:backend.main:Accident detection saved to DB with ID: 6a796eb463e93b1b44aad9eb
INFO:backend.main:Accident alert broadcasted to 0 clients
INFO:backend.main:Accident detection saved to DB with ID: 6a796eb963e93b1b44aad9ec
INFO:backend.main:Accident alert broadcasted to 0 clients
INFO:backend.main:Accident detection saved to DB with ID: 6a796ebe63e93b1b44aad9ed
INFO:backend.main:Accident alert broadcasted to 0 clients
INFO:backend.main:Accident detection saved to DB with ID: 6a796ec363e93b1b44aad9ee
INFO:backend.main:Accident alert broadcasted to 0 clients
INFO:backend.main:Accident detection saved to DB with ID: 6a796ec863e93b1b44aad9ef
INFO:backend.main:Accident alert broadcasted to 0 clients
INFO:backend.main:Accident detection saved to DB with ID: 6a796ecd63e93b1b44aad9f0
INFO:backend.main:Accident alert broadcasted to 0 clients
INFO:backend.main:Accident detection saved to DB with ID: 6a796ed263e93b1b44aad9f1
INFO:backend.main:Accident alert broadcasted to 0 clients
INFO:backend.main:Accident detection saved to DB with ID: 6a796ed763e93b1b44aad9f2
INFO:backend.main:Accident alert broadcasted to 0 clients
INFO:backend.main:Accident detection saved to DB with ID: 6a796edd63e93b1b44aad9f3
INFO:backend.main:Accident alert broadcasted to 0 clients
INFO:backend.main:Accident detection saved to DB with ID: 6a796ee263e93b1b44aad9f4
INFO:backend.main:Accident alert broadcasted to 0 clients
INFO:backend.main:Accident detection saved to DB with ID: 6a796ee763e93b1b44aad9f5
INFO:backend.main:Accident alert broadcasted to 0 clients
WARNING:  StatReload detected changes in 'backend\main.py'. Reloading...
 INFO:backend.main:Accident detection saved to DB with ID: 6a796eec63e93b1b44aad9f6
INFO:backend.main:Accident alert broadcasted to 0 clients
INFO:backend.main:Accident detection saved to DB with ID: 6a796ef163e93b1b44aad9f7
INFO:backend.main:Accident alert broadcasted to 0 clients
INFO:backend.main:Accident detection saved to DB with ID: 6a796ef663e93b1b44aad9f8
INFO:backend.main:Accident alert broadcasted to 0 clients
INFO:backend.main:Accident detection saved to DB with ID: 6a796efb63e93b1b44aad9f9
INFO:backend.main:Accident alert broadcasted to 0 clients
Traceback (most recent call last):
  File "<string>", line 1, in <module>
    from multiprocessing.spawn import spawn_main; spawn_main(parent_pid=16980, pipe_handle=1340)
                                                  ~~~~~~~~~~^^^^^^^^^^^^^^^^^^^^^^^^^^^^^^^^^^^^
  File "C:\Users\vatsa\anaconda3\Lib\multiprocessing\spawn.py", line 108, in spawn_main
    source_process = _winapi.OpenProcess(
        _winapi.SYNCHRONIZE | _winapi.PROCESS_DUP_HANDLE,
        False, parent_pid)
OSError: [WinError 87] The parameter is incorrect
